
; ******** Source: timebomb.asm
     1                          ;===================================================================================================
     2                          ; Timebomb
     3                          ; Based on BASIC type in program in Compute! July 1983 by Doug Smoak
     4                          ; Dave Curran 2024-06-12
     5                          ; Revised 2026-01-13, 2026-07-19, 2026-07-31
     6                          ;===================================================================================================
     7                          
     8                          ; ACME.exe timebomb.asm
     9                          ; or
    10                          ; ACME.exe -r timebomb.lst timebomb.asm
    11                          
    12                          !to "timebomb.prg",cbm
    13                          

; ******** Source: defines.asm
     1                          ;======================================================================================
     2                          ; Defines
     3                          ;======================================================================================
     4                          
     5                          ;======================================================================================
     6                          ; Hardware addresses
     7                          ;======================================================================================          
     8                          VIC                 = $9000
     9                          VIC_ADDRESSING      = $9005 ; v-9
    10                          VIC_OSC1_FREQ       = $900A ; s
    11                          VIC_OSC2_FREQ       = $900B ; s+1
    12                          VIC_NOISE_FREQ      = $900D ; v-1
    13                          VIC_VOLUME          = $900E ; v
    14                          VIC_BORDER          = $900F ; v+1
    15                          
    16                          VIA1_TIMER2_LSB     = $9118
    17                          VIA1_TIMER2_MSB     = $9119
    18                          
    19                          VIA1_PORTA          = $911F ; p1
    20                          VIA2_PORTB          = $9120 ; p2
    21                          VIA2_DDRB           = $9122 ; d
    22                          
    23                          JIFFY_LSB           = $A2
    24                          
    25                          LAST_KEY            = $C5
    26                          
    27                          ;======================================================================================
    28                          ; Variables
    29                          ;======================================================================================
    30                          VARS                = $00
    31                          
    32                          TEMP                = VARS + $00
    33                          
    34                          SRC_LSB             = VARS + $08
    35                          SRC_MSB             = VARS + $09
    36                          SRC                 = SRC_LSB
    37                          
    38                          DST_LSB             = VARS + $0A
    39                          DST_MSB             = VARS + $0B
    40                          DST                 = DST_LSB
    41                          
    42                          SEED_LSB            = VARS + $10
    43                          SEED_MSB            = VARS + $11
    44                          SEED                = SEED_LSB
    45                          
    46                          ;--------------------------------------------------------------------------------------
    47                          ; Arrays
    48                          ;--------------------------------------------------------------------------------------
    49                          ARRAY               = VARS + $20
    50                          ARRAY_HALF          = VARS + $24
    51                          
    52                          ;--------------------------------------------------------------------------------------
    53                          ; 16 bit Variables
    54                          ;--------------------------------------------------------------------------------------
    55                          SC_LSB              = VARS + $30
    56                          SC_MSB              = VARS + $31
    57                          SC                  = SC_LSB
    58                          
    59                          A9_LSB              = VARS + $32
    60                          A9_MSB              = VARS + $33
    61                          A9                  = A9_LSB
    62                          
    63                          B_LSB               = VARS + $34
    64                          B_MSB               = VARS + $35
    65                          B                   = B_LSB
    66                          
    67                          TB_LSB              = VARS + $36
    68                          TB_MSB              = VARS + $37
    69                          TB                  = TB_LSB
    70                          
    71                          ME_LSB              = VARS + $38
    72                          ME_MSB              = VARS + $39
    73                          ME                  = ME_LSB
    74                          
    75                          OM_LSB              = VARS + $3A
    76                          OM_MSB              = VARS + $3B
    77                          OM                  = OM_LSB
    78                          
    79                          K_UNITS             = VARS + $3C
    80                          K_TENS              = VARS + $3D
    81                          
    82                          ; X_UNITS             = VARS + $3E
    83                          X_TENS              = VARS + $3F
    84                          
    85                          R_UNITS             = VARS + $40
    86                          R_TENS              = VARS + $41
    87                          
    88                          OFFSET_LSB          = VARS + $42
    89                          OFFSET_MSB          = VARS + $43
    90                          OFFSET              = OFFSET_LSB
    91                          
    92                          ;--------------------------------------------------------------------------------------
    93                          ; 8 bit Variables
    94                          ;--------------------------------------------------------------------------------------
    95                          X3                  = VARS + $50
    96                          J                   = VARS + $51
    97                          F                   = VARS + $52
    98                          M1                  = VARS + $53
    99                          LAST_JIFFY          = VARS + $54
   100                          
   101                          ;======================================================================================
   102                          ; Screen layout
   103                          ;======================================================================================          
   104                          SCREEN_RAM              = $1E00
   105                          SCREEN_RAM_PAGE0        = SCREEN_RAM + $0000
   106                          SCREEN_RAM_PAGE1        = SCREEN_RAM + $0100
   107                          
   108                          COLOUR_RAM              = $9600
   109                          COLOUR_RAM_PAGE0        = COLOUR_RAM + $0000
   110                          COLOUR_RAM_PAGE1        = COLOUR_RAM + $0100
   111                          
   112                          SCREEN_WIDTH            = 22
   113                          SCREEN_HEIGHT           = 23
   114                          
   115                          COLOUR_RAM_OFFSET_MSB   = (>COLOUR_RAM) - (>SCREEN_RAM)
   116                          
   117                          SCREEN_RAM_LINE_00      = SCREEN_RAM + (SCREEN_WIDTH *  0)
   118                          SCREEN_RAM_LINE_02      = SCREEN_RAM + (SCREEN_WIDTH *  2)
   119                          
   120                          COLOUR_RAM_LINE_00      = COLOUR_RAM + (SCREEN_WIDTH *  0)
   121                          COLOUR_RAM_LINE_02      = COLOUR_RAM + (SCREEN_WIDTH *  2)
   122                          
   123                          ;======================================================================================
   124                          ; Maze Details
   125                          ;======================================================================================          
   126                          
   127                          MAZE_WIDTH              = 22
   128                          MAZE_HEIGHT             = 66
   129                          
   130                          MAZE_END                = SCREEN_RAM - 1
   131                          MAZE_TOP                = MAZE_END - (MAZE_HEIGHT * MAZE_WIDTH) + 1
   132                          
   133                          MAZE_END_OF_TOP_LINE    = MAZE_TOP + MAZE_WIDTH - 1
   134                          MAZE_MIDDLE             = MAZE_TOP + (((MAZE_HEIGHT - 1) * MAZE_WIDTH) / 2 )
   135                          MAZE_LAST_LINE          = MAZE_END - MAZE_WIDTH + 1
   136                          MAZE_START_ME           = MAZE_END - (MAZE_WIDTH * 2.5)
   137                          MAZE_START_OFFSET       = MAZE_END - (MAZE_WIDTH * 14) + 1
   138                          
   139                          SCREEN_LINE_ABOVE_ME    = SCREEN_RAM + (SCREEN_WIDTH * 11) - 1      ; 1EF1
   140                          SCREEN_START_ME         = SCREEN_RAM + (SCREEN_WIDTH * 11.5) - 1    ; 1EFC
   141                          SCREEN_LINE_BELOW_ME    = SCREEN_RAM + (SCREEN_WIDTH * 12)          ; 1F08
   142                          
   143                          ;======================================================================================
   144                          ; Characters
   145                          ;======================================================================================          
   146                          
   147                          CHAR_V                   = $16
   148                          CHAR_UP_ARROW            = $1E
   149                          CHAR_SPACE               = $20
   150                          CHAR_ASTERISK            = $2A
   151                          CHAR_LESS_THAN           = $3C
   152                          CHAR_GREATER_THAN        = $3E
   153                          CHAR_INVERSE_CIRCLE      = $D1
   154                          
   155                          ;======================================================================================
   156                          ; Game characters
   157                          ;======================================================================================
   158                          
   159                          CHAR_WALL                = CHAR_INVERSE_CIRCLE
   160                          CHAR_PATH                = CHAR_SPACE
   161                          CHAR_UP                  = CHAR_UP_ARROW
   162                          CHAR_DOWN                = CHAR_V
   163                          CHAR_LEFT                = CHAR_LESS_THAN
   164                          CHAR_RIGHT               = CHAR_GREATER_THAN
   165                          CHAR_BOMB                = CHAR_ASTERISK
   166                          
   167                          MOVE_UP                  = -22
   168                          MOVE_DOWN                = 22
   169                          MOVE_LEFT                = -1
   170                          MOVE_RIGHT               = 1
   171                          
   172                          KEY_F7                   = $3F
   173                          
   174                          ;======================================================================================
   175                          ; Colours
   176                          ;======================================================================================          
   177                          COLOUR_BLACK             = $00
   178                          COLOUR_WHITE             = $01
   179                          COLOUR_RED               = $02
   180                          COLOUR_CYAN              = $03
   181                          COLOUR_VIOLET            = $04
   182                          COLOUR_PURPLE            = $04 ; == VIOLET
   183                          COLOUR_GREEN             = $05
   184                          COLOUR_BLUE              = $06
   185                          COLOUR_YELLOW            = $07
   186                          COLOUR_ORANGE            = $08
   187                          COLOUR_BROWN             = $09
   188                          COLOUR_LIGHTRED          = $0A
   189                          COLOUR_GRAY1             = $0B
   190                          COLOUR_GRAY2             = $0C
   191                          COLOUR_LIGHTGREEN        = $0D
   192                          COLOUR_LIGHTBLUE         = $0E
   193                          COLOUR_GRAY3             = $0F
   194                          
   195                          ;======================================================================================
   196                          ; BASIC Tokens
   197                          ;======================================================================================
   198                          SYS                      = $9E
   199                          

; ******** Source: timebomb.asm
    15                          
    16                          ; BASIC loader stub
    17                          ; 6502 SYS 4109
    18                          *=$1001
    19  1001 0b10                   !word end_of_stub                   ; link to next line (end of BASIC stub)
    20  1003 6619                   !word 6502                          ; line number (can be anything, so why not)
    21  1005 9e                     !byte SYS                           ; SYS token
    22  1006 34313039               !text "4109"                        ; start of init code ($100D)
    23  100a 00                     !byte 0                             ; end of line
    24                          end_of_stub
    25  100b 0000                   !word 0                             ; end of BASIC stub
    26                          
    27                          ;===================================================================================================
    28                          ; Starting point
    29                          ;===================================================================================================
    30                          ; start:
    31  100d ad1891                 lda VIA1_TIMER2_LSB                 ; seed RND from the VIA timer
    32  1010 8510                   sta SEED_LSB
    33  1012 ad1991                 lda VIA1_TIMER2_MSB
    34  1015 8511                   sta SEED_MSB
    35                          
    36                          L1:
    37  1017 a000                   ldy #0                              ; (leave Y as 0)
    38                          
    39                          ; some variables that are initialised to 0 by BASIC
    40  1019 8452                   sty F                               ; f = 0
    41  101b 8440                   sty R_UNITS                         ; r = 0
    42  101d 8441                   sty R_TENS                          ;
    43  101f 843c                   sty K_UNITS                         ; k = 0
    44  1021 843d                   sty K_TENS                          ; 
    45                          
    46                          ; 2 poke 56, 24 : poke 55, 103 : gosub 29
    47                              ; set memory limits, normally $1E00 to $1867
    48                              ; stops the BASIC heap getting in the way of the maze - not required
    49                              ; gosub 29 not required as that pokes assembler from data statments into the cassette buffer
    50                          
    51                          ; 3 d = 37154 : p1 = d-3 : p2 = d-2 : df = 30720 : v = 36878 : s = v-4 : m1 = 30 : x = 50 : goto 19
    52                          ; d  = constant = 37154 = 9122 = VIA#2 DDRB (keyboard column scan + joy3)
    53                          ; p1 = constant = 37151 = 911F = VIA#1 PortA (joy0,1,2,fire)
    54                          ; p2 = constant = 37152 = 9120 = VIA#2 PortB (joy3)
    55                          ; df = constant = 30720 = 7800 = display offset
    56                          ; v  = constant = 36878 = 900E = VIC volume / aux colour
    57                          ; s  = constant = 36874 = 900A = VIC oscillator 1 frequency
    58                          L3:
    59  1023 a91e                   lda #CHAR_UP                        ; m1 = 30 = ^
    60  1025 8553                   sta M1
    61                          
    62  1027 a905                   lda #5                              ; x = 50
    63  1029 853f                   sta X_TENS                          ; Tens and units stored separately to avoid several divide by 10s
    64                                                                  ; (X_UNITS is always 0, so is optimised out)
    65                          
    66                          ;===================================================================================================
    67                          ; Draw the maze
    68                          ;===================================================================================================
    69                          ; 19 dim a(3) : a(0) = 2 : a(1) = -44 : a(2) = -2 : a(3) = 44 : wl = 209 : hl = 32 : sc = 6228 : a9 = 6943
    70                          L19:
    71                          ; a = 2, -44, -2, 44
    72  102b a902                   lda #2
    73  102d 8520                   sta ARRAY
    74  102f a9d4                   lda #-44
    75  1031 8521                   sta ARRAY+1
    76  1033 a9fe                   lda #-2
    77  1035 8522                   sta ARRAY+2
    78  1037 a92c                   lda #44
    79  1039 8523                   sta ARRAY+3
    80                          
    81                          ; also create a half value version to avoid having to recalculate each time
    82  103b a901                   lda #1
    83  103d 8524                   sta ARRAY_HALF
    84  103f a9ea                   lda #-22
    85  1041 8525                   sta ARRAY_HALF+1
    86  1043 a9ff                   lda #-1
    87  1045 8526                   sta ARRAY_HALF+2
    88  1047 a916                   lda #22
    89  1049 8527                   sta ARRAY_HALF+3
    90                          
    91                          ; 20 sys 861 : print "{clear} {down}making maze"
    92                          ; wl=209 - constant "Wall" (inverse circle)
    93                          ; hl=32 - constant "Hall" (space)
    94                          ; sc=6228
    95  104b a954                   lda #<MAZE_TOP                      ; set SC and DST to 6228 ($1854), the top of the maze
    96  104d 850a                   sta DST_LSB
    97  104f 8530                   sta SC_LSB
    98  1051 a918                   lda #>MAZE_TOP
    99  1053 850b                   sta DST_MSB
   100  1055 8531                   sta SC_MSB
   101                          
   102                          ; a9=6943
   103  1057 a91f                   lda #<MAZE_MIDDLE                   ; set A9 to 6943 ($1B1F), about the middle of the maze
   104  1059 8532                   sta A9_LSB
   105  105b a91b                   lda #>MAZE_MIDDLE
   106  105d 8533                   sta A9_MSB
   107                          
   108                          ;===================================================================================================
   109                          ; SYS 861 - fill maze with walls
   110                          ;===================================================================================================
   111  105f a21e                   ldx #>MAZE_END+1                    ; end point
   112                          
   113  1061 a9d1                   lda #CHAR_WALL                      ; fill with wall characters
   114                          -
   115  1063 910a                   sta (DST),y 
   116  1065 e60a                   inc DST_LSB
   117  1067 d0fa                   bne -
   118  1069 e60b                   inc DST_MSB
   119  106b e40b                   cpx DST_MSB
   120  106d d0f4                   bne -
   121                          
   122                          ; 21 for t = sc+21 to 7679 step 22 : poke t, 32 : next : for t = sc to sc+21 : poke t, 32 : next
   123                              ; add all the spaces down the right hand side
   124  106f a918                   lda #>MAZE_END_OF_TOP_LINE          ; start at SC + 21
   125  1071 850b                   sta DST_MSB
   126  1073 a969                   lda #<MAZE_END_OF_TOP_LINE
   127  1075 850a                   sta DST_LSB
   128                          
   129  1077 a242                   ldx #MAZE_HEIGHT                    ; 66 times
   130                              
   131  1079 a920               -   lda #CHAR_PATH                      ; store a space
   132  107b 910a                   sta (DST),y
   133                          
   134  107d a50a                   lda DST_LSB                         ; add 22
   135  107f 18                     clc
   136  1080 6916                   adc #MAZE_WIDTH
   137  1082 850a                   sta DST_LSB
   138  1084 9002                   bcc +
   139  1086 e60b                   inc DST_MSB
   140                          +
   141  1088 ca                     dex                                 ; check if we have hit $1E00 (7679)
   142  1089 d0ee                   bne -
   143                          
   144                              ; add a row of spaces at the top  
   145  108b a920                   lda #CHAR_PATH                      ; store a space
   146  108d a216                   ldx #MAZE_WIDTH                     ; 22 times
   147                          
   148  108f ca                 -   dex
   149  1090 9d5418                 sta MAZE_TOP,x
   150  1093 d0fa                   bne -
   151                          
   152  1095 8dc81d                 sta MAZE_START_ME                   ; leave a space where the player starts
   153                          
   154                          ; make the paths
   155                          ; 22 j = int(rnd(1)*4) : x3 = j
   156                          L22:
   157  1098 20d213                 jsr RAND16                          ; get a random number
   158  109b 2903                   and #$03                            ; mask off all but the lower two bits (A=0-3)
   159                          
   160  109d 8551                   sta J
   161  109f 8550                   sta X3
   162                          
   163                          ; 23 b = a9 + a(j)
   164                          L23:
   165                              ; interesting challenge, add an 8 bit signed value to a 16 bit unsigned number
   166  10a1 a651                   ldx J                               ; get the random number in X
   167                          
   168  10a3 a533                   lda A9_MSB                          ; copy the MSB first so it can be adjusted based on what happens to the LSB
   169  10a5 8535                   sta B_MSB
   170                          
   171  10a7 b520                   lda ARRAY,x                         ; get the signed direction offset
   172  10a9 1002                   bpl +
   173  10ab c635                   dec B_MSB                           ; if the offset is negative, decrement the MSB
   174  10ad 18                 +   clc
   175  10ae 6532                   adc A9_LSB                          ; now add the LSB
   176  10b0 8534                   sta B_LSB
   177  10b2 9002                   bcc +
   178  10b4 e635                   inc B_MSB                           ; increment MSB if there was a carry
   179                          +
   180                          
   181                          ; 24 if peek(b) = wl then poke b, j : poke a9 + a(j)/2, hl : a9 = b : goto 22
   182  10b6 b134                   lda (B),y                           ; check what is pointed at by B, Y is 0
   183  10b8 c9d1                   cmp #CHAR_WALL                      ; is it a wall (wl)?
   184  10ba d02e                   bne L25
   185                          
   186  10bc a551                   lda J                               ; store the direction number instead
   187  10be 9134                   sta (B),y
   188                          
   189                              ; poke a9 +a(j)/2, hl  Oh boy.
   190                          
   191                              ; safe to mangle A9 as it is set to a different value later
   192                          
   193  10c0 b524                   lda ARRAY_HALF,x                    ; get half the signed direction offset
   194  10c2 1002                   bpl +
   195  10c4 c633                   dec A9_MSB                          ; if the offset is negative, decrement the MSB
   196  10c6 18                 +   clc
   197  10c7 6532                   adc A9_LSB                          ; now add the LSB
   198  10c9 8532                   sta A9_LSB
   199  10cb 9002                   bcc +
   200  10cd e633                   inc A9_MSB                          ; increment MSB if there was a carry
   201                          +
   202                          
   203  10cf a533                   lda A9_MSB                          ; check it's not the last line
   204  10d1 c91d                   cmp #>MAZE_LAST_LINE
   205  10d3 d004                   bne +
   206  10d5 a532                   lda A9_LSB
   207  10d7 c9ea                   cmp #<MAZE_LAST_LINE
   208  10d9 b004               +   bcs +                               ; skip if on last line
   209                          
   210  10db a920                   lda #CHAR_PATH                      ; set this to a space (hl)
   211  10dd 9132                   sta (A9),y
   212                          
   213  10df a535               +   lda B_MSB                           ; a9 = b
   214  10e1 8533                   sta A9_MSB
   215  10e3 a534                   lda B_LSB
   216  10e5 8532                   sta A9_LSB
   217                          
   218  10e7 4c9810                 jmp L22
   219                          
   220                          ; not a wall
   221                          ; 25 j = (j+1) * -(j<3) : if j <> x3 then 23
   222                          L25:   
   223                              ;   j   (j+1)*-(j<3)    =
   224                              ; -------------------------
   225                              ;   0     1  *   1      1
   226                              ;   1     2  *   1      2
   227                              ;   2     3  *   1      3
   228                              ;   3     4  *   0      0
   229                          
   230  10ea e651                   inc J                               ; 0123 > 1234
   231  10ec a551                   lda J                               ; 
   232  10ee 2903                   and #$03                            ; 1234 > 1230
   233  10f0 8551                   sta J                               ; 
   234  10f2 c550                   cmp X3                              ; = X3?
   235  10f4 d0ab                   bne L23
   236                          
   237                          ; 26 j = peek(a9) : poke a9, hl : if j<4 then a9 = a9-a(j) : goto 22
   238  10f6 b132                   lda (A9),y
   239  10f8 8551                   sta J
   240  10fa aa                     tax                                 ; save J for later
   241  10fb a920                   lda #CHAR_PATH 
   242  10fd 9132                   sta (A9),y
   243                          
   244  10ff e004                   cpx #4                              ; J<4?
   245  1101 b016                   bcs L27
   246                          
   247                              ; here we go again, subtract an 8 bit signed value from a 16 bit unsigned number
   248                          
   249  1103 b520                   lda ARRAY,x                         ; get signed direction offset
   250  1105 8500                   sta TEMP                            ; save for later
   251  1107 1002                   bpl +
   252  1109 e633                   inc A9_MSB                          ; if the offset is negative, increment the MSB
   253  110b 38                 +   sec
   254  110c a532                   lda A9_LSB                          ; now subtract the offset from the LSB
   255  110e e500                   sbc TEMP
   256  1110 8532                   sta A9_LSB
   257  1112 b002                   bcs +
   258  1114 c633                   dec A9_MSB                          ; decrement MSB if there was a carry
   259                          +
   260  1116 4c9810                 jmp L22
   261                          
   262                          ; Set the location of the timebomb
   263                          ; 27 tb = sc + int(rnd(0)*20) + 220 : if (peek(tb) <> 32) goto 27 else poke tb, 42
   264                          L27:
   265  1119 843a                   sty OM_LSB                          ; clear the old me position 
   266  111b 843b                   sty OM_MSB
   267                          
   268  111d a531                   lda SC_MSB                          ; start with the MSB.
   269  111f 8537                   sta TB_MSB
   270                          
   271                              ;   OK, so I want a random number from 0-19.
   272                          
   273  1121 20d213                 jsr RAND16                          ; A now contains an 8 bit random number
   274  1124 2903                   and #$03                            ; now have number from 0-3
   275  1126 8500                   sta TEMP                            ; save for later
   276  1128 a510                   lda SEED_LSB                        ; get another 8 bits of random number
   277  112a 290f                   and #$0F                            ; now have a number from 0-15
   278  112c 18                     clc
   279  112d 6500                   adc TEMP                            ; now add the number from 0-3 and we have a number from 0-19 Yay!
   280                          
   281  112f 69dc                   adc #$DC                            ; add 220 (will not be > 255, so no need to check carry)
   282  1131 6530                   adc SC_LSB                          ; now add the LSB
   283  1133 8536                   sta TB_LSB
   284  1135 9002                   bcc +                               ; incrememnt MSB if necessary
   285  1137 e637                   inc TB_MSB
   286                          +
   287  1139 b136                   lda (TB),y                          ; lets see what's at this timebomb location
   288  113b c920                   cmp #CHAR_PATH                      ; is it a space?
   289  113d d0da                   bne L27                             ; no, then try again
   290                          
   291  113f a92a                   lda #CHAR_BOMB                      ; plant the timebomb
   292  1141 9136                   sta (TB),y
   293                          
   294                          
   295                          ; 28 sys 830 : poke 828, 204 : poke 829, 28 : sys 923 : goto 4
   296                          ;===================================================================================================
   297                          ; SYS 830 - setup VIC and fill the colour memory
   298                          ;===================================================================================================
   299  1143 a9ee                   lda #$EE                            ; set the screen and border colours purple / light blue
   300  1145 8d0f90                 sta VIC_BORDER
   301                          
   302  1148 a90a                   lda #COLOUR_LIGHTRED                ; all text colour to light red
   303  114a 990096             -   sta COLOUR_RAM_PAGE0,y
   304  114d 990097                 sta COLOUR_RAM_PAGE1,y
   305  1150 c8                     iny
   306  1151 d0f7                   bne -
   307                          
   308  1153 a9cc                   lda #<MAZE_START_OFFSET             ; maze offset to $1CCC (middle left hand edge)
   309  1155 8542                   sta OFFSET_LSB
   310  1157 a91c                   lda #>MAZE_START_OFFSET
   311  1159 8543                   sta OFFSET_MSB
   312                          
   313  115b 209f13                 jsr sys923                          ; redraw maze
   314                          
   315                          ;===================================================================================================
   316                          ; Intro Sound
   317                          ;===================================================================================================
   318                          ; 4 for t = 240 to 208 step -4 : poke s, t : for tt = 0 to 30 : poke v, tt/2 : next : next t : poke s, 0 : me = 7932
   319                          L4:
   320  115e a9f0                   lda #$F0                            ; Start at 240
   321                          
   322                          L4_2:
   323  1160 990a90                 sta VIC_OSC1_FREQ, y                ; Tick, tick
   324  1163 a200                   ldx #0
   325                          
   326                          L4_3:
   327  1165 8e0e90                 stx VIC_VOLUME
   328                          
   329  1168 a20c                   ldx #$0C                            ; short delay
   330  116a 88                 -   dey                                 ;
   331  116b d0fd                   bne -                               ;
   332  116d ca                     dex                                 ;
   333  116e d0fa                   bne -                               ;
   334                          
   335  1170 ae0e90                 ldx VIC_VOLUME                      ; get X back
   336  1173 e8                     inx
   337  1174 e00f                   cpx #$0F
   338  1176 d0ed                   bne L4_3
   339  1178 8e0e90                 stx VIC_VOLUME                      ; the last of the 30 cycles will write 15 once
   340                          
   341  117b 38                     sec
   342  117c e904                   sbc #04
   343  117e c9d0                   cmp #$D0                            ; reached 208?
   344  1180 b0de                   bcs L4_2
   345                          
   346  1182 8c0a90                 sty VIC_OSC1_FREQ                   ; stop the oscillator
   347                          
   348  1185 a9fc                   lda #<SCREEN_START_ME               ; set ME to $1EFC (7932) (middle of screen, starting point)
   349  1187 8538                   sta ME_LSB
   350  1189 a91e                   lda #>SCREEN_START_ME
   351  118b 8539                   sta ME_MSB
   352                          
   353  118d a5a2                   lda JIFFY_LSB                       ; setup the timer
   354  118f 8554                   sta LAST_JIFFY
   355                          
   356                          ;===================================================================================================
   357                          ; Main Loop
   358                          ;===================================================================================================
   359                          ; 5 poke om, 32 : poke om+df, 10 : poke me, m1 : poke me+df, 7 : if f then 40
   360                          L5:    
   361  1191 a554                   lda LAST_JIFFY                      ; wait for every 8th frame
   362  1193 18                     clc
   363  1194 6908                   adc #$08
   364  1196 8554                   sta LAST_JIFFY                      ; store value for next time
   365  1198 c5a2               -   cmp JIFFY_LSB
   366  119a d0fc                   bne -    
   367                          
   368  119c a920                   lda #CHAR_PATH                      ; First time around OM is 0, so writes to $0000
   369  119e 913a                   sta (OM),y
   370                              
   371  11a0 a53b                   lda OM_MSB                          ; DST = OM+DF (offset from screen to colour RAM)
   372  11a2 18                     clc
   373  11a3 6978                   adc #COLOUR_RAM_OFFSET_MSB
   374  11a5 850b                   sta DST_MSB
   375                          
   376  11a7 a53a                   lda OM_LSB                          ; DF is 32720 = $7800, so no need to alter LSB
   377  11a9 850a                   sta DST_LSB
   378                          
   379  11ab a90a                   lda #COLOUR_LIGHTRED                ; set to background colour
   380  11ad 910a                   sta (DST),y                         
   381                          
   382  11af a553                   lda M1                              ; poke me,m1, set the direction character
   383  11b1 9138                   sta (ME),y
   384                          
   385  11b3 a539                   lda ME_MSB                          ; DST = ME+DF
   386  11b5 18                     clc
   387  11b6 6978                   adc #COLOUR_RAM_OFFSET_MSB
   388  11b8 850b                   sta DST_MSB
   389                          
   390  11ba a538                   lda ME_LSB                          ; DF is 32720 = $7800, so no need to alter LSB
   391  11bc 850a                   sta DST_LSB
   392                          
   393  11be a907                   lda #COLOUR_YELLOW                  ; set me colour yellow
   394  11c0 910a                   sta (DST),y
   395                          
   396  11c2 a552                   lda F                               ; check F, has player found the bomb?
   397  11c4 f003                   beq L6
   398  11c6 4c0a13                 jmp L40                             ; if so, goto 40
   399                          
   400                          ; 6 k = k+1 : if (k/2 <> int(k/2)) goto 8 else if k>600 then 37
   401                          L6:
   402  11c9 e63c                   inc K_UNITS                         ; K is stored as tens and units to simplify things
   403                              
   404  11cb a53c                   lda K_UNITS
   405  11cd c90a                   cmp #10
   406  11cf 9004                   bcc +
   407  11d1 e63d                   inc K_TENS                          ; K hit 10
   408  11d3 843c                   sty K_UNITS                         ; K_UNITS gets reset (Y=0)
   409                          +                     
   410  11d5 6a                     ror                                 ; check bit 0, if clear it is odd, so go to 8
   411  11d6 902d                   bcc L8
   412                          
   413  11d8 a53d                   lda K_TENS                          ; check if K > 600 
   414  11da c93c                   cmp #60
   415  11dc 9003                   bcc L7 
   416  11de 4cad12                 jmp L37
   417                          
   418                          ;======================================================================================
   419                          ; Ominous ticking
   420                          ;======================================================================================
   421                          ; 7 for t = 1 to 2 : poke v, t*4 : poke s+1, 128+k/5 : next : poke s+1, 0
   422                          L7: 
   423  11e1 a904                   lda #4                              ; pass 1, t*4 = 4
   424  11e3 8500                   sta TEMP   
   425                          
   426                          L7_1:
   427  11e5 8d0e90                 sta VIC_VOLUME                      ; v
   428                          
   429                              ; pokes+1,128+k/5  - really, come on, give me a break here
   430                              ; max K is 600, so max k/5 is 120. So range is 128-248
   431                              
   432  11e8 a53d                   lda K_TENS                          ; this is K/10
   433  11ea 0a                     asl                                 ; k/10 -> K/5
   434  11eb 0980                   ora #$80                            ; add 128
   435                          
   436  11ed 8d0b90                 sta VIC_OSC2_FREQ                   ; s+1
   437                          
   438  11f0 a208                   ldx #$08
   439  11f2 88                 -   dey                                 ; short delay
   440  11f3 d0fd                   bne -                               ;
   441  11f5 ca                     dex                                 ;
   442  11f6 d0fa                   bne -                               ;
   443                          
   444  11f8 a908                   lda #8                              ; was TEMP 8 ?
   445  11fa c500                   cmp TEMP
   446  11fc f004                   beq L7_2                            ; finished
   447                          
   448  11fe 8500                   sta TEMP                            ; no, set it to 8 now
   449  1200 d0e3                   bne L7_1                            ; branch always
   450                          
   451                          L7_2:
   452  1202 8c0b90                 sty VIC_OSC2_FREQ                   ; s+1 = 0
   453                          
   454                          ;======================================================================================
   455                          ; Check joystick and move
   456                          ;======================================================================================
   457                          ; 8 poke d, 127 : p = peek(p2) and 128 : j0 = -(p = 0)
   458                          ; 9 poke d, 255 : p = peek(p1) : j1 = -((p and 8) = 0) : j2 = -((p and 16) = 0) : j3 = -((p and 4) = 0)
   459                          ; 10 if j0 then c = 1 : m1 = 62 : goto 14
   460                          ; 11 if j1 then c = 22 : m1 = 22 : goto 14
   461                          ; 12 if j2 then c = -1 : m1 = 60 : goto 14
   462                          ; 13 if j3 then c = -22 : m1 = 30
   463                          L8:
   464  1205 a97f                   lda #$7F                            ; set joystick 3 as input
   465  1207 8d2291                 sta VIA2_DDRB
   466                          
   467  120a ad2091                 lda VIA2_PORTB                      ; read the port
   468                          
   469  120d a2ff                   ldx #$FF
   470  120f 8e2291                 stx VIA2_DDRB                       ; back to all inputs for keyboard scanning
   471                              
   472  1212 2980                   and #$80                            ; mask of the pin
   473  1214 d006                   bne +                               ; skip if not zero (active)
   474  1216 a201                   ldx #MOVE_RIGHT                     ; set new direction (was using C)
   475  1218 a93e                   lda #CHAR_RIGHT                     ; set new character (will get written to M1)
   476  121a d022                   bne L14
   477                          +
   478                          
   479  121c ad1f91                 lda VIA1_PORTA                      ; read port A and set J1,2 and 3 accordingly
   480  121f aa                     tax                                 ; save value
   481                          
   482  1220 2908                   and #8
   483  1222 d006                   bne +                               ; skip if not zero (active)
   484  1224 a216                   ldx #MOVE_DOWN                      ; set new direction (was using C)
   485  1226 a916                   lda #CHAR_DOWN                      ; set new character (will get written to M1)
   486  1228 d014                   bne L14
   487                          +
   488  122a 8a                     txa                                 ; get back the port reading
   489  122b 2910                   and #16
   490  122d d006                   bne +                               ; skip if not zero (active)
   491  122f a2ff                   ldx #MOVE_LEFT                      ; set new direction (was using C)
   492  1231 a93c                   lda #CHAR_LEFT                      ; set new character (will get written to M1)
   493  1233 d009                   bne L14
   494                          +
   495  1235 8a                     txa                                 ; get back the port reading
   496  1236 2904                   and #4
   497  1238 d034                   bne L16_2                           ; back to start if no movement detected
   498  123a a2ea                   ldx #MOVE_UP                        ; set new direction (was using C)
   499  123c a91e                   lda #CHAR_UP                        ; set new character (will get written to M1)
   500                          
   501                          ; 14 om = me : me = me+c : c = 0
   502                          L14:
   503  123e 8553                   sta M1                              ; store new player direction
   504                          
   505  1240 a538                   lda ME_LSB                          ; old me = current me
   506  1242 853a                   sta OM_LSB
   507  1244 a539                   lda ME_MSB
   508  1246 853b                   sta OM_MSB
   509                          
   510  1248 8a                     txa                                 ; me=me+c - move me
   511  1249 1002                   bpl +
   512  124b c639                   dec ME_MSB                          ; if c is negative, decrement the MSB
   513  124d 18                 +   clc
   514  124e 6538                   adc ME_LSB
   515  1250 8538                   sta ME_LSB
   516  1252 9002                   bcc +
   517  1254 e639                   inc ME_MSB
   518                          +   
   519                          
   520                          ; 15 if peek(me) <> 32 and peek(me) <> 42 then me = om
   521  1256 b138                   lda (ME),y
   522                          
   523  1258 c920                   cmp #CHAR_PATH                      ; is it a clear path?
   524  125a f00c                   beq L16                             ; yes, skip
   525                          
   526  125c c92a                   cmp #CHAR_BOMB                      ; is it a bomb?
   527  125e f008                   beq L16                             ; yes, skip
   528                          
   529  1260 a63a                   ldx OM_LSB                          ; me = old me - you can't want into walls
   530  1262 8638                   stx ME_LSB
   531  1264 a63b                   ldx OM_MSB
   532  1266 8639                   stx ME_MSB
   533                          
   534                          ; 16 if peek(me) = 42 then f = 1 : goto 5
   535                          L16:
   536  1268 c92a                   cmp #CHAR_BOMB                      ; is it a bomb?
   537  126a d005                   bne L17                             ; no, skip
   538                          
   539  126c e652                   inc F                               ; it is a bomb, set found
   540                          L16_2:    
   541  126e 4c9111                 jmp L5
   542                          
   543                              
   544                          ; 17 if (me>7921) goto 18 else sys 887 : me = me+22 : goto 5
   545                          L17:
   546  1271 a539                   lda ME_MSB                           ; if me>1EF1 goto 18
   547  1273 c91e                   cmp #>SCREEN_LINE_ABOVE_ME
   548  1275 d004                   bne +
   549  1277 a538                   lda ME_LSB
   550  1279 c9f1                   cmp #<SCREEN_LINE_ABOVE_ME
   551                          +
   552  127b b011                   bcs L18
   553                          
   554  127d 208e13                 jsr sys887                          ; scroll down
   555                          
   556  1280 a538                   lda ME_LSB                          ; me += 22 
   557  1282 18                     clc
   558  1283 6916                   adc #MOVE_DOWN
   559  1285 8538                   sta ME_LSB
   560  1287 9002                   bcc +
   561  1289 e639                   inc ME_MSB
   562                          +
   563  128b 4c9111                 jmp L5
   564                          
   565                          ; 18 if (me<7944) goto 5 else sys 905 : me = me-22 : goto 5
   566                          L18
   567  128e a539                   lda ME_MSB                          ; is ME < 1F08
   568  1290 c91f                   cmp #>SCREEN_LINE_BELOW_ME
   569  1292 d004                   bne +
   570  1294 a538                   lda ME_LSB
   571  1296 c908                   cmp #<SCREEN_LINE_BELOW_ME
   572                          +
   573  1298 9010                   bcc +
   574                          
   575  129a 209413                 jsr sys905                          ; scroll up
   576                          
   577  129d a538                   lda ME_LSB                          ; me += -22
   578  129f c639                   dec ME_MSB
   579  12a1 18                     clc
   580  12a2 69ea                   adc #MOVE_UP
   581  12a4 8538                   sta ME_LSB
   582  12a6 9002                   bcc +
   583  12a8 e639                   inc ME_MSB
   584                          +
   585  12aa 4c9111                 jmp L5
   586                          
   587                          ;===================================================================================================
   588                          ; Timeout, bomb explodes
   589                          ;===================================================================================================
   590                          ; 37 poke v, 15 : for t = 255 to 127 step -2 : poke s, t : poke v-9, 255 : for g = 1 to 10 : next
   591                          L37:
   592  12ad a90f                   lda #15                             ; full volume
   593  12af 8d0e90                 sta VIC_VOLUME
   594                          
   595  12b2 a2ff                   ldx #$FF
   596                          L37_1:
   597  12b4 8e0a90                 stx VIC_OSC1_FREQ                   ; s = t
   598                          
   599  12b7 a9ff                   lda #$FF
   600  12b9 8d0590                 sta VIC_ADDRESSING                  ; v-9 = 255
   601                          
   602  12bc a209                   ldx #$09                            ; short delay
   603  12be 88                 -   dey                                 ;
   604  12bf d0fd                   bne -                               ;
   605  12c1 ca                     dex                                 ;
   606  12c2 d0fa                   bne -                               ;
   607                          
   608                          ; 38 poke v-9, 242 : for g = 1 to 10 : next : poke v-9, 240 : next : poke v-1, 220 : for g = 15 to 0 step -.05
   609  12c4 a9f2                   lda #$F2
   610  12c6 8d0590                 sta VIC_ADDRESSING                  ; v-9 = 242
   611                          
   612  12c9 a209                   ldx #$09                            ; short delay
   613  12cb 88                 -   dey                                 ;
   614  12cc d0fd                   bne -                               ;
   615  12ce ca                     dex                                 ;
   616  12cf d0fa                   bne -                               ;
   617                          
   618  12d1 ae0a90                 ldx VIC_OSC1_FREQ                   ; get X back
   619                          
   620  12d4 a9f0                   lda #$F0
   621  12d6 8d0590                 sta VIC_ADDRESSING                  ; v-9 = 240
   622                          
   623  12d9 ca                     dex                                 ; t=t-2
   624  12da ca                     dex
   625  12db 30d7                   bmi L37_1                           ; loop when t > 127
   626                          
   627                              ; now the explosion
   628                          
   629  12dd a9dc                   lda #$DC
   630  12df 8d0d90                 sta VIC_NOISE_FREQ                  ; v-1 = 220
   631                          
   632                          ; for g = 15 to 0 step -.05   oh no, what?
   633                          
   634                          ; 39 poke v, g : poke v+1, g*10 : next : poke v-1, 0 : poke v+1, 238 : gosub 42 : run
   635                          L39:
   636  12e2 a996                   lda #$96                            ; v+1 = g*10
   637  12e4 8d0f90                 sta VIC_BORDER            
   638                          
   639  12e7 a90f                   lda #$0F                            ; v = g
   640  12e9 8d0e90                 sta VIC_VOLUME
   641                          
   642  12ec a20a                   ldx #$0A                            ; loop 10 times
   643                          
   644  12ee 88                 -   dey                                 ; delay
   645  12ef d0fd                   bne -
   646                          
   647  12f1 ce0f90                 dec VIC_BORDER                      ; v+1 = g*10
   648  12f4 ca                     dex
   649  12f5 d0f7                   bne -
   650                          
   651  12f7 ce0e90                 dec VIC_VOLUME                      ; v = g
   652  12fa d0f2                   bne -
   653                          
   654  12fc 8c0d90                 sty VIC_NOISE_FREQ                  ; v-1 = 0 
   655                          
   656  12ff a9ee                   lda #$EE                            ; v+1 = 238
   657  1301 8d0f90                 sta VIC_BORDER            
   658                          
   659  1304 205213                 jsr L42                             ; display "ROUND R, PRESS F7"
   660                          
   661  1307 4c1710                 jmp L1                              ; restart
   662                          
   663                          ;===================================================================================================
   664                          ; Success
   665                          ;===================================================================================================
   666                          
   667                          ; 40 poke tb, 32 : poke v-1, 253 : for g = 30 to 0 step -.15 : poke v, g/2 : next : x = x+50 : if x>449 then x = 450
   668                          L40:
   669  130a a920                   lda #CHAR_PATH                     ; dispose of the timebomb
   670  130c 9136                   sta (TB),y
   671                          
   672  130e a9fd                   lda #$FD
   673  1310 8d0d90                 sta VIC_NOISE_FREQ                  ; v-1 = 253
   674                          
   675                              ; for g = 30 to 0 step -.15  oh come on, give me a break
   676  1313 a20f                   ldx #$0F                            ; g = 30, x = g/2 = 15
   677                          
   678                          L40_1:    
   679  1315 8e0e90                 stx VIC_VOLUME                      ; v = g/2 = x
   680                          
   681  1318 a235                   ldx #$35                            ; delay
   682  131a 88                 -   dey                                 ;
   683  131b d0fd                   bne -                               ;
   684  131d ca                     dex                                 ;
   685  131e d0fa                   bne -                               ;
   686                          
   687  1320 ae0e90                 ldx VIC_VOLUME                      ; get X back
   688                          
   689  1323 ca                     dex
   690  1324 d0ef                   bne L40_1
   691                          
   692  1326 18                     clc
   693  1327 a53f                   lda X_TENS                          ; x = x+50
   694  1329 6905                   adc #$05
   695  132b 853f                   sta X_TENS
   696                          
   697  132d c92d                   cmp #$2D                            ; x > 450 ?
   698  132f 9004                   bcc L41
   699                          
   700  1331 a92d                   lda #$2D                            ; x = 450
   701  1333 853f                   sta X_TENS                          ; X_UNITS is always 0
   702                          
   703                          ; 41 poke v-1, 0 : f = 0 : k = x : r = r+1 : gosub 42 : goto 27
   704                          L41:
   705  1335 8c0d90                 sty VIC_NOISE_FREQ                  ; v-1 = 0
   706                          
   707  1338 8452                   sty F                               ; f = 0
   708                          
   709  133a a53f                   lda X_TENS                          ; k = x, start K counter at X
   710  133c 853d                   sta K_TENS
   711  133e 843c                   sty K_UNITS                         ; X_UNITS is always 0
   712                              
   713  1340 e640                   inc R_UNITS                         ; r = r+1
   714  1342 a540                   lda R_UNITS
   715  1344 c90a                   cmp #10
   716  1346 9004                   bcc +
   717  1348 8440                   sty R_UNITS                         ; if R_UNITS>9 then R_UNITS=0 R_TENS++
   718  134a e641                   inc R_TENS
   719                          +  
   720  134c 205213                 jsr L42                             ; display "ROUND R, PRESS F7"
   721                          
   722  134f 4c1911                 jmp L27                             ; next round
   723                          
   724                          ;===================================================================================================
   725                          ; Print ROUND R - PRESS F7
   726                          ;===================================================================================================
   727                          ; 42 print "{home}round" r "{right} " : print "{down}press f7 " : a$ = "" : get a$ : if (a$ <> "{f7}") goto 42 else return
   728                          L42:
   729  1352 a207                   ldx #TEXT_LEN-1                     ; was 2x WriteColourString Macro               
   730  1354 bde613             -   lda TEXT_ROUND_x,x
   731  1357 9d001e                 sta SCREEN_RAM_LINE_00,x
   732  135a bdee13                 lda TEXT_PRESS_F7,x
   733  135d 9d2c1e                 sta SCREEN_RAM_LINE_02,x    
   734  1360 a906                   lda #COLOUR_BLUE
   735  1362 9d0096                 sta COLOUR_RAM_LINE_00,x
   736  1365 9d2c96                 sta COLOUR_RAM_LINE_02,x
   737  1368 ca                     dex 
   738  1369 10e9                   bpl -
   739                          
   740  136b a541                   lda R_TENS
   741  136d f010                   beq L42_1
   742                          
   743                              ; double digit
   744  136f 18                     clc    
   745  1370 6930                   adc #$30                            ; A = R+30  (0->"0")
   746  1372 8d061e                 sta SCREEN_RAM + 6                 
   747                          
   748  1375 a540                   lda R_UNITS
   749  1377 18                     clc
   750  1378 6930                   adc #$30                            ; A = R+30  (0->"0")
   751  137a 8d071e                 sta SCREEN_RAM + 7                  
   752  137d d008                   bne L42_2                           ; branch always
   753                          
   754                          L42_1:
   755                              ; single digit
   756  137f a540                   lda R_UNITS
   757  1381 18                     clc
   758  1382 6930                   adc #$30                            ; A = R+30  (0->"0")
   759  1384 8d061e                 sta SCREEN_RAM + 6                  
   760                          
   761                          L42_2:        
   762  1387 a5c5                   lda LAST_KEY                        ; check last key pressed
   763  1389 c93f                   cmp #KEY_F7                         ; was it F7?
   764  138b d0fa                   bne L42_2                           ; no, keep checking
   765                              
   766  138d 60                     rts                                 ; yes, return
   767                          
   768                          ;===================================================================================================
   769                          ; SYS 887 Scroll screen up
   770                          ;===================================================================================================
   771                          sys887:
   772  138e c643                   dec OFFSET_MSB                      ; pre-decrement as this is a subtraction
   773  1390 a9ea                   lda #MOVE_UP                        ; offset = offset - 22
   774  1392 d002                   bne +
   775                          
   776                          ;===================================================================================================
   777                          ; SYS 905 Scroll screen down
   778                          ;===================================================================================================
   779                          sys905:
   780  1394 a916                   lda #MOVE_DOWN                      ; offset = offset + 22
   781                          +
   782  1396 18                     clc
   783  1397 6542                   adc OFFSET_LSB
   784  1399 8542                   sta OFFSET_LSB
   785  139b 9002                   bcc +
   786  139d e643                   inc OFFSET_MSB
   787                          +
   788                          
   789                          ;===================================================================================================
   790                          ; SYS 923 redraw screen
   791                          ;===================================================================================================
   792                          sys923:
   793  139f a542                   lda OFFSET_LSB                      ; set the source (the map bitmap)
   794  13a1 8508                   sta SRC_LSB
   795  13a3 a543                   lda OFFSET_MSB
   796  13a5 8509                   sta SRC_MSB
   797                          
   798  13a7 840a                   sty DST_LSB                         ; set the destination to the screen at 1E00    
   799  13a9 a91e                   lda #>SCREEN_RAM
   800  13ab 850b                   sta DST_MSB
   801                          
   802  13ad b108               -   lda (SRC),y                         ; copy character
   803  13af 910a                   sta (DST),y
   804                          
   805  13b1 e608                   inc SRC_LSB
   806  13b3 d010                   bne +
   807  13b5 e609                   inc SRC_MSB
   808  13b7 a509                   lda SRC_MSB
   809  13b9 c91e                   cmp #$1E                            ; check for end of map
   810  13bb d008                   bne +
   811  13bd a9cc                   lda #<MAZE_START_OFFSET             ; reset source to top starting offset
   812  13bf 8508                   sta SRC_LSB
   813  13c1 a91c                   lda #>MAZE_START_OFFSET
   814  13c3 8509                   sta SRC_MSB
   815                          
   816  13c5 e60a               +   inc DST_LSB
   817  13c7 d0e4                   bne -
   818  13c9 e60b                   inc DST_MSB
   819  13cb a50b                   lda DST_MSB                         ; check for end of screen RAM
   820  13cd c920                   cmp #$20                
   821  13cf d0dc                   bne -                               ; no finished yet, continue
   822                          
   823  13d1 60                     rts
   824                          
   825                          ;======================================================================================
   826                          ; Pseudo-random-number generator. You can get 8-bit
   827                          ; random numbers in A or 16-bit numbers from the zero
   828                          ; page addresses. Leaves X/Y unchanged.
   829                          ;
   830                          ; (36 clock cycles)
   831                          ;
   832                          ; See
   833                          ; https://web.archive.org/web/20250328001550/https://codebase64.org/doku.php?id=base:16bit_xorshift_random_generator
   834                          ; and
   835                          ; https://github.com/markgbeckett/pet/tree/main/examples
   836                          ;======================================================================================
   837                          RAND16:
   838  13d2 a511                   lda SEED_MSB                        ; (3)
   839  13d4 4a                     lsr			                        ; (2)
   840  13d5 a510                   lda SEED_LSB	                    ; (3)
   841  13d7 6a                     ror			                        ; (2)
   842  13d8 4511                   eor SEED_MSB	                    ; (3)
   843  13da 8511                   sta SEED_MSB	                    ; (3) high part of x ^= x << 7 done
   844  13dc 6a                     ror             	                ; (2) A has now x >> 9 and high bit comes from low byte
   845  13dd 4510                   eor SEED_LSB	                    ; (3)
   846  13df 8510                   sta SEED_LSB	                    ; (3) x ^= x >> 9 and the low part of x ^= x << 7 done
   847  13e1 4511                   eor SEED_MSB	                    ; (3)
   848  13e3 8511                   sta SEED_MSB	                    ; (3) x ^= x << 8 done
   849                          
   850  13e5 60                     rts			                        ; (6)
   851                          
   852                          ;======================================================================================
   853                          ; Strings
   854                          ;======================================================================================
   855                          
   856                          TEXT_ROUND_x:
   857  13e6 120f150e04202020       !scr    "round   "
   858                          
   859                          TEXT_PRESS_F7:
   860  13ee 1012051313200637       !scr    "press f7"
   861                          
   862                          TEXT_LEN  = 8
   863                          
